<?xml version="1.0" encoding="UTF-8"?>
<testsuites name="jest tests" tests="3" failures="0" time="9.202">
  <testsuite name="button" errors="0" failures="0" skipped="0" timestamp="2020-07-12T03:34:50" time="4.251" tests="1">
    <testcase classname="button 是一个div" name="button 是一个div" time="0.022">
    </testcase>
  </testsuite>
  <testsuite name="ixon" errors="0" failures="0" skipped="0" timestamp="2020-07-12T03:34:50" time="4.525" tests="2">
    <testcase classname="ixon DisplayName" name="ixon DisplayName" time="0.021">
    </testcase>
    <testcase classname="ixon onClick" name="ixon onClick" time="0.061">
    </testcase>
  </testsuite>
</testsuites>